directive @external on FIELD_DEFINITION

directive @inaccessible on FIELD_DEFINITION | INTERFACE | OBJECT | UNION

directive @key(fields: String!) on OBJECT | INTERFACE

directive @override(from: String!) on FIELD_DEFINITION

directive @requires(fields: String!) on FIELD_DEFINITION

directive @provides(fields: String!) on FIELD_DEFINITION

directive @shareable on FIELD_DEFINITION | OBJECT

type Query {
  _: String
}
